# dune exec kwic
# OCAMLPARAM: unset
# Shared cache: disabled
# Shared cache location: /home/nicolae/.cache/dune/db
# Workspace root:
# /home/nicolae/Documents/dev/unimi/programming-languages/ocaml/advanced/kwic
# Auto-detected concurrency: 8
# Dune context:
#  { name = "default"
#  ; kind = "default"
#  ; profile = Dev
#  ; merlin = true
#  ; fdo_target_exe = None
#  ; build_dir = In_build_dir "default"
#  ; instrument_with = []
#  }
$ /home/nicolae/.opam/cs3110-2024p/bin/ocamlc.opt -config > /tmp/dune_1ab12e_output
$ (cd _build/default && /home/nicolae/.opam/cs3110-2024p/bin/ocamlopt.opt -w @1..3@5..28@31..39@43@46..47@49..57@61..62@67@69-40 -strict-sequence -strict-formats -short-paths -keep-locs -g -I bin/.main.eobjs/byte -I bin/.main.eobjs/native -I lib/.kwic.objs/byte -I lib/.kwic.objs/native -intf-suffix .ml -no-alias-deps -opaque -o bin/.main.eobjs/native/dune__exe__Main.cmx -c -impl bin/main.ml)
> File "_none_", line 1:
> Alert ocaml_deprecated_auto_include: 
> OCaml's lib directory layout changed in 5.0. The str subdirectory has been
> automatically added to the search path, but you should add -I +str to the
> command-line to silence this alert (e.g. by adding str to the list of
> libraries in your dune file, or adding use_str to your _tags file for
> ocamlbuild, or using -package str for ocamlfind).
>
> File "bin/main.ml", line 38, characters 0-8:
> 38 | open Str
>      ^^^^^^^^
> Error (warning 33 [unused-open]): unused open Str.
>
> File "bin/main.ml", line 41, characters 4-21:
> 41 | let is_term_forbidden term = List.mem term forbidden_terms
>          ^^^^^^^^^^^^^^^^^
> Error (warning 32 [unused-value-declaration]): unused value is_term_forbidden.
>
> File "bin/main.ml", line 43, characters 4-15:
> 43 | let split_title (title: string) = String.split_on_char ' ' title
>          ^^^^^^^^^^^
> Error (warning 32 [unused-value-declaration]): unused value split_title.
>
> File "bin/main.ml", line 44, characters 4-14:
> 44 | let shorm_term (t: string) = String.lowercase_ascii t
>          ^^^^^^^^^^
> Error (warning 32 [unused-value-declaration]): unused value shorm_term.
>
> File "bin/main.ml", line 45, characters 8-20:
> 45 | let rec nth_index_of (haystack: string) (needle: string) (idx: int) = 
>              ^^^^^^^^^^^^
> Error (warning 32 [unused-value-declaration]): unused value nth_index_of.
>
> File "bin/main.ml", line 51, characters 4-13:
> 51 | let read_file =
>          ^^^^^^^^^
> Error (warning 32 [unused-value-declaration]): unused value read_file.
[2]
